[    0.000000] Linux version 4.15.0-210-generic (buildd@lcy02-amd64-056) (gcc version 7.5.0 (Ubuntu 7.5.0-3ubuntu1~18.04)) #221-Ubuntu SMP Tue Apr 18 08:32:52 UTC 2023 (Ubuntu 4.15.0-210.221-generic 4.15.18)
[    0.000000] Command line: BOOT_IMAGE=/boot/vmlinuz-4.15.0-210-generic root=LABEL=cloudimg-rootfs ro console=tty1 console=ttyS0
[    0.000000] KERNEL supported cpus:
[    0.000000]   Intel GenuineIntel
[    0.000000]   AMD AuthenticAMD
[    0.000000]   Centaur CentaurHauls
[    0.000000] x86/fpu: x87 FPU will use FXSAVE
[    0.000000] e820: BIOS-provided physical RAM map:
[    0.000000] BIOS-e820: [mem 0x0000000000000000-0x000000000009fbff] usable
[    0.000000] BIOS-e820: [mem 0x000000000009fc00-0x000000000009ffff] reserved
[    0.000000] BIOS-e820: [mem 0x00000000000f0000-0x00000000000fffff] reserved
[    0.000000] BIOS-e820: [mem 0x0000000000100000-0x000000003ffeffff] usable
[    0.000000] BIOS-e820: [mem 0x000000003fff0000-0x000000003fffffff] ACPI data
[    0.000000] BIOS-e820: [mem 0x00000000fec00000-0x00000000fec00fff] reserved
[    0.000000] BIOS-e820: [mem 0x00000000fee00000-0x00000000fee00fff] reserved
[    0.000000] BIOS-e820: [mem 0x00000000fffc0000-0x00000000ffffffff] reserved
[    0.000000] NX (Execute Disable) protection: active
[    0.000000] SMBIOS 2.5 present.
[    0.000000] DMI: innotek GmbH VirtualBox/VirtualBox, BIOS VirtualBox 12/01/2006
[    0.000000] Hypervisor detected: KVM
[    0.000000] e820: last_pfn = 0x3fff0 max_arch_pfn = 0x400000000
[    0.000000] MTRR: Disabled
[    0.000000] x86/PAT: MTRRs disabled, skipping PAT initialization too.
[    0.000000] CPU MTRRs all blank - virtualized system.
[    0.000000] x86/PAT: Configuration [0-7]: WB  WT  UC- UC  WB  WT  UC- UC  
[    0.000000] found SMP MP-table at [mem 0x0009fff0-0x0009ffff]
[    0.000000] Scanning 1 areas for low memory corruption
[    0.000000] RAMDISK: [mem 0x359c9000-0x36cdbfff]
[    0.000000] ACPI: Early table checksum verification disabled
[    0.000000] ACPI: RSDP 0x00000000000E0000 000024 (v02 VBOX  )
[    0.000000] ACPI: XSDT 0x000000003FFF0030 00003C (v01 VBOX   VBOXXSDT 00000001 ASL  00000061)
[    0.000000] ACPI: FACP 0x000000003FFF00F0 0000F4 (v04 VBOX   VBOXFACP 00000001 ASL  00000061)
[    0.000000] ACPI: DSDT 0x000000003FFF0470 002325 (v02 VBOX   VBOXBIOS 00000002 INTL 20100528)
[    0.000000] ACPI: FACS 0x000000003FFF0200 000040
[    0.000000] ACPI: FACS 0x000000003FFF0200 000040
[    0.000000] ACPI: APIC 0x000000003FFF0240 00005C (v02 VBOX   VBOXAPIC 00000001 ASL  00000061)
[    0.000000] ACPI: SSDT 0x000000003FFF02A0 0001CC (v01 VBOX   VBOXCPUT 00000002 INTL 20100528)
[    0.000000] ACPI: Reserving FACP table memory at [mem 0x3fff00f0-0x3fff01e3]
[    0.000000] ACPI: Reserving DSDT table memory at [mem 0x3fff0470-0x3fff2794]
[    0.000000] ACPI: Reserving FACS table memory at [mem 0x3fff0200-0x3fff023f]
[    0.000000] ACPI: Reserving FACS table memory at [mem 0x3fff0200-0x3fff023f]
[    0.000000] ACPI: Reserving APIC table memory at [mem 0x3fff0240-0x3fff029b]
[    0.000000] ACPI: Reserving SSDT table memory at [mem 0x3fff02a0-0x3fff046b]
[    0.000000] No NUMA configuration found
[    0.000000] Faking a node at [mem 0x0000000000000000-0x000000003ffeffff]
[    0.000000] NODE_DATA(0) allocated [mem 0x3ffc5000-0x3ffeffff]
[    0.000000] kvm-clock: cpu 0, msr 0:3ff44001, primary cpu clock
[    0.000000] kvm-clock: Using msrs 4b564d01 and 4b564d00
[    0.000000] kvm-clock: using sched offset of 6760305314 cycles
[    0.000000] clocksource: kvm-clock: mask: 0xffffffffffffffff max_cycles: 0x1cd42e4dffb, max_idle_ns: 881590591483 ns
[    0.000000] Zone ranges:
[    0.000000]   DMA      [mem 0x0000000000001000-0x0000000000ffffff]
[    0.000000]   DMA32    [mem 0x0000000001000000-0x000000003ffeffff]
[    0.000000]   Normal   empty
[    0.000000]   Device   empty
[    0.000000] Movable zone start for each node
[    0.000000] Early memory node ranges
[    0.000000]   node   0: [mem 0x0000000000001000-0x000000000009efff]
[    0.000000]   node   0: [mem 0x0000000000100000-0x000000003ffeffff]
[    0.000000] Reserved but unavailable: 104 pages
[    0.000000] Initmem setup node 0 [mem 0x0000000000001000-0x000000003ffeffff]
[    0.000000] ACPI: PM-Timer IO Port: 0x4008
[    0.000000] IOAPIC[0]: apic_id 2, version 32, address 0xfec00000, GSI 0-23
[    0.000000] ACPI: INT_SRC_OVR (bus 0 bus_irq 0 global_irq 2 dfl dfl)
[    0.000000] ACPI: INT_SRC_OVR (bus 0 bus_irq 9 global_irq 9 low level)
[    0.000000] Using ACPI (MADT) for SMP configuration information
[    0.000000] smpboot: Allowing 2 CPUs, 0 hotplug CPUs
[    0.000000] PM: Registered nosave memory: [mem 0x00000000-0x00000fff]
[    0.000000] PM: Registered nosave memory: [mem 0x0009f000-0x0009ffff]
[    0.000000] PM: Registered nosave memory: [mem 0x000a0000-0x000effff]
[    0.000000] PM: Registered nosave memory: [mem 0x000f0000-0x000fffff]
[    0.000000] e820: [mem 0x40000000-0xfebfffff] available for PCI devices
[    0.000000] Booting paravirtualized kernel on KVM
[    0.000000] clocksource: refined-jiffies: mask: 0xffffffff max_cycles: 0xffffffff, max_idle_ns: 7645519600211568 ns
[    0.000000] setup_percpu: NR_CPUS:8192 nr_cpumask_bits:2 nr_cpu_ids:2 nr_node_ids:1
[    0.000000] percpu: Embedded 50 pages/cpu s167936 r8192 d28672 u1048576
[    0.000000] PV qspinlock hash table entries: 256 (order: 0, 4096 bytes)
[    0.000000] Built 1 zonelists, mobility grouping on.  Total pages: 257913
[    0.000000] Policy zone: DMA32
[    0.000000] Kernel command line: BOOT_IMAGE=/boot/vmlinuz-4.15.0-210-generic root=LABEL=cloudimg-rootfs ro console=tty1 console=ttyS0
[    0.000000] Memory: 982640K/1048120K available (12300K kernel code, 2477K rwdata, 4324K rodata, 2480K init, 2720K bss, 65480K reserved, 0K cma-reserved)
[    0.000000] SLUB: HWalign=64, Order=0-3, MinObjects=0, CPUs=2, Nodes=1
[    0.000000] ftrace: allocating 39506 entries in 155 pages
[    0.004000] Hierarchical RCU implementation.
[    0.004000] 	RCU restricting CPUs from NR_CPUS=8192 to nr_cpu_ids=2.
[    0.004000] 	Tasks RCU enabled.
[    0.004000] RCU: Adjusting geometry for rcu_fanout_leaf=16, nr_cpu_ids=2
[    0.004000] NR_IRQS: 524544, nr_irqs: 440, preallocated irqs: 16
[    0.004000] Console: colour VGA+ 80x25
[    0.004000] console [tty1] enabled
[    0.004000] console [ttyS0] enabled
[    0.004000] ACPI: Core revision 20170831
[    0.004000] ACPI: 2 ACPI AML tables successfully acquired and loaded
[    0.004000] APIC: Switch to symmetric I/O mode setup
[    0.004000] ..TIMER: vector=0x30 apic1=0 pin1=2 apic2=-1 pin2=-1
[    0.004011] tsc: Detected 2611.202 MHz processor
[    0.008019] Calibrating delay loop (skipped) preset value.. 5222.40 BogoMIPS (lpj=10444808)
[    0.012010] pid_max: default: 32768 minimum: 301
[    0.016238] Security Framework initialized
[    0.020014] Yama: becoming mindful.
[    0.024206] AppArmor: AppArmor initialized
[    0.049311] Dentry cache hash table entries: 131072 (order: 8, 1048576 bytes)
[    0.057943] Inode-cache hash table entries: 65536 (order: 7, 524288 bytes)
[    0.060178] Mount-cache hash table entries: 2048 (order: 2, 16384 bytes)
[    0.064162] Mountpoint-cache hash table entries: 2048 (order: 2, 16384 bytes)
[    0.074865] Last level iTLB entries: 4KB 0, 2MB 0, 4MB 0
[    0.080005] Last level dTLB entries: 4KB 0, 2MB 0, 4MB 0, 1GB 0
[    0.088012] Spectre V1 : Mitigation: usercopy/swapgs barriers and __user pointer sanitization
[    0.092015] Spectre V2 : Mitigation: Enhanced IBRS
[    0.096011] Spectre V2 : Spectre v2 / SpectreRSB mitigation: Filling RSB on context switch
[    0.100012] Spectre V2 : Spectre v2 / PBRSB-eIBRS: Retire a single CALL on VMEXIT
[    0.104011] RETBleed: Mitigation: Enhanced IBRS
[    0.108008] Speculative Store Bypass: Vulnerable
[    0.112194] Freeing SMP alternatives memory: 36K
[    0.248012] APIC calibration not consistent with PM-Timer: 108ms instead of 100ms
[    0.252000] APIC delta adjusted to PM-Timer: 6433815 (6961169)
[    0.252655] smpboot: CPU0: 12th Gen Intel(R) Core(TM) i7-1255U (family: 0x6, model: 0x9a, stepping: 0x4)
[    0.256000] Performance Events: unsupported p6 CPU model 154 no PMU driver, software events only.
[    0.256000] Hierarchical SRCU implementation.
[    0.257520] NMI watchdog: Perf event create on CPU 0 failed with -2
[    0.260011] NMI watchdog: Perf NMI watchdog permanently disabled
[    0.265251] smp: Bringing up secondary CPUs ...
[    0.272584] x86: Booting SMP configuration:
[    0.276013] .... node  #0, CPUs:      #1
[    0.004000] kvm-clock: cpu 1, msr 0:3ff44041, secondary cpu clock
[    0.306915] TSC synchronization [CPU#0 -> CPU#1]:
[    0.308000] Measured 84125 cycles TSC warp between CPUs, turning off TSC clock.
[    0.308000] tsc: Marking TSC unstable due to check_tsc_sync_source failed
[    0.316629] smp: Brought up 1 node, 2 CPUs
[    0.320013] smpboot: Max logical packages: 1
[    0.324012] smpboot: Total of 2 processors activated (10444.80 BogoMIPS)
[    0.336248] devtmpfs: initialized
[    0.340288] x86/mm: Memory block size: 128MB
[    0.344875] evm: security.selinux
[    0.348006] evm: security.SMACK64
[    0.352007] evm: security.SMACK64EXEC
[    0.356007] evm: security.SMACK64TRANSMUTE
[    0.360011] evm: security.SMACK64MMAP
[    0.364010] evm: security.apparmor
[    0.368009] evm: security.ima
[    0.372007] evm: security.capability
[    0.380878] clocksource: jiffies: mask: 0xffffffff max_cycles: 0xffffffff, max_idle_ns: 7645041785100000 ns
[    0.384020] futex hash table entries: 512 (order: 3, 32768 bytes)
[    0.388558] pinctrl core: initialized pinctrl subsystem
[    0.392932] RTC time: 10:25:22, date: 05/15/23
[    0.404992] NET: Registered protocol family 16
[    0.408098] audit: initializing netlink subsys (disabled)
[    0.416164] audit: type=2000 audit(1684146329.060:1): state=initialized audit_enabled=0 res=1
[    0.440016] cpuidle: using governor ladder
[    0.444031] cpuidle: using governor menu
[    0.448147] ACPI: bus type PCI registered
[    0.456010] acpiphp: ACPI Hot Plug PCI Controller Driver version: 0.5
[    0.465315] PCI: Using configuration type 1 for base access
[    0.488028] HugeTLB registered 2.00 MiB page size, pre-allocated 0 pages
[    0.500775] ACPI: Added _OSI(Module Device)
[    0.504017] ACPI: Added _OSI(Processor Device)
[    0.508013] ACPI: Added _OSI(3.0 _SCP Extensions)
[    0.512016] ACPI: Added _OSI(Processor Aggregator Device)
[    0.516011] ACPI: Added _OSI(Linux-Dell-Video)
[    0.520017] ACPI: Added _OSI(Linux-Lenovo-NV-HDMI-Audio)
[    0.524020] ACPI: Added _OSI(Linux-HPI-Hybrid-Graphics)
[    0.532102] ACPI: Executed 1 blocks of module-level executable AML code
[    0.546130] ACPI: Interpreter enabled
[    0.548032] ACPI: (supports S0 S5)
[    0.552014] ACPI: Using IOAPIC for interrupt routing
[    0.557378] PCI: Using host bridge windows from ACPI; if necessary, use "pci=nocrs" and report a bug
[    0.560397] ACPI: Enabled 2 GPEs in block 00 to 07
[    0.593811] ACPI: PCI Root Bridge [PCI0] (domain 0000 [bus 00-ff])
[    0.596029] acpi PNP0A03:00: _OSC: OS supports [ASPM ClockPM Segments MSI]
[    0.602326] acpi PNP0A03:00: _OSC: not requesting OS control; OS requires [ExtendedConfig ASPM ClockPM MSI]
[    0.604048] acpi PNP0A03:00: fail to add MMCONFIG information, can't access extended PCI configuration space under this bridge.
[    0.610649] PCI host bridge to bus 0000:00
[    0.612011] pci_bus 0000:00: root bus resource [io  0x0000-0x0cf7 window]
[    0.616012] pci_bus 0000:00: root bus resource [io  0x0d00-0xffff window]
[    0.620011] pci_bus 0000:00: root bus resource [mem 0x000a0000-0x000bffff window]
[    0.624015] pci_bus 0000:00: root bus resource [mem 0x40000000-0xfdffffff window]
[    0.628016] pci_bus 0000:00: root bus resource [bus 00-ff]
[    0.653751] pci 0000:00:01.1: legacy IDE quirk: reg 0x10: [io  0x01f0-0x01f7]
[    0.656010] pci 0000:00:01.1: legacy IDE quirk: reg 0x14: [io  0x03f6]
[    0.660027] pci 0000:00:01.1: legacy IDE quirk: reg 0x18: [io  0x0170-0x0177]
[    0.664022] pci 0000:00:01.1: legacy IDE quirk: reg 0x1c: [io  0x0376]
[    0.722562] pci 0000:00:07.0: quirk: [io  0x4000-0x403f] claimed by PIIX4 ACPI
[    0.724093] pci 0000:00:07.0: quirk: [io  0x4100-0x410f] claimed by PIIX4 SMB
[    0.749741] ACPI: PCI Interrupt Link [LNKA] (IRQs 5 9 10 *11)
[    0.756016] ACPI: PCI Interrupt Link [LNKB] (IRQs 5 9 *10 11)
[    0.760785] ACPI: PCI Interrupt Link [LNKC] (IRQs 5 *9 10 11)
[    0.764689] ACPI: PCI Interrupt Link [LNKD] (IRQs 5 9 10 *11)
[    0.769379] SCSI subsystem initialized
[    0.772710] pci 0000:00:02.0: vgaarb: setting as boot VGA device
[    0.776000] pci 0000:00:02.0: vgaarb: VGA device added: decodes=io+mem,owns=io+mem,locks=none
[    0.776012] pci 0000:00:02.0: vgaarb: bridge control possible
[    0.780265] vgaarb: loaded
[    0.784125] ACPI: bus type USB registered
[    0.788163] usbcore: registered new interface driver usbfs
[    0.792034] usbcore: registered new interface driver hub
[    0.796061] usbcore: registered new device driver usb
[    0.804362] EDAC MC: Ver: 3.0.0
[    0.812690] PCI: Using ACPI for IRQ routing
[    0.820360] NetLabel: Initializing
[    0.824047] NetLabel:  domain hash size = 128
[    0.828007] NetLabel:  protocols = UNLABELED CIPSOv4 CALIPSO
[    0.832033] NetLabel:  unlabeled traffic allowed by default
[    0.840861] clocksource: Switched to clocksource kvm-clock
[    0.886757] VFS: Disk quotas dquot_6.6.0
[    0.886757] VFS: Dquot-cache hash table entries: 512 (order 0, 4096 bytes)
[    0.886757] AppArmor: AppArmor Filesystem Enabled
[    0.886757] pnp: PnP ACPI init
[    0.886757] pnp: PnP ACPI: found 3 devices
[    1.137799] clocksource: acpi_pm: mask: 0xffffff max_cycles: 0xffffff, max_idle_ns: 2085701024 ns
[    1.141699] NET: Registered protocol family 2
[    1.141699] IP idents hash table entries: 16384 (order: 5, 131072 bytes)
[    1.141699] TCP established hash table entries: 8192 (order: 4, 65536 bytes)
[    1.199648] TCP bind hash table entries: 8192 (order: 5, 131072 bytes)
[    1.216476] TCP: Hash tables configured (established 8192 bind 8192)
[    1.219559] UDP hash table entries: 512 (order: 2, 16384 bytes)
[    1.219559] UDP-Lite hash table entries: 512 (order: 2, 16384 bytes)
[    1.219559] NET: Registered protocol family 1
[    1.273611] pci 0000:00:00.0: Limiting direct PCI/PCI transfers
[    1.287662] pci 0000:00:01.0: Activating ISA DMA hang workarounds
[    1.302165] pci 0000:00:02.0: Video device with shadowed ROM at [mem 0x000c0000-0x000dffff]
[    1.326480] Unpacking initramfs...
[    2.354804] Freeing initrd memory: 19532K
[    2.354804] clocksource: tsc: mask: 0xffffffffffffffff max_cycles: 0x25a3923457a, max_idle_ns: 440795234071 ns
[    2.354804] platform rtc_cmos: registered platform RTC device (no PNP device found)
[    2.354804] Scanning for low memory corruption every 60 seconds
[    2.458910] Initialise system trusted keyrings
[    2.473966] Key type blacklist registered
[    2.486595] workingset: timestamp_bits=36 max_order=18 bucket_order=0
[    2.509550] zbud: loaded
[    2.520032] squashfs: version 4.0 (2009/01/31) Phillip Lougher
[    2.547066] fuse init (API version 7.26)
[    2.771801] Key type asymmetric registered
[    2.795493] Asymmetric key parser 'x509' registered
[    2.810778] Block layer SCSI generic (bsg) driver version 0.4 loaded (major 246)
[    2.833265] io scheduler noop registered
[    2.844369] io scheduler deadline registered
[    2.853271] io scheduler cfq registered (default)
[    2.873165] ACPI: AC Adapter [AC] (on-line)
[    2.873271] input: Power Button as /devices/LNXSYSTM:00/LNXPWRBN:00/input/input0
[    2.906802] ACPI: Power Button [PWRF]
[    2.910678] input: Sleep Button as /devices/LNXSYSTM:00/LNXSLPBN:00/input/input1
[    2.910678] ACPI: Sleep Button [SLPF]
[    2.958192] ACPI: Battery Slot [BAT0] (battery present)
[    2.972750] Serial: 8250/16550 driver, 32 ports, IRQ sharing enabled
[    3.036978] 00:02: ttyS0 at I/O 0x3f8 (irq = 4, base_baud = 115200) is a 16550A
[    3.061879] Linux agpgart interface v0.103
[    3.084624] loop: module loaded
[    3.210504] scsi host0: ata_piix
[    3.222798] scsi host1: ata_piix
[    3.230562] ata1: PATA max UDMA/33 cmd 0x1f0 ctl 0x3f6 bmdma 0xd000 irq 14
[    3.234459] ata2: PATA max UDMA/33 cmd 0x170 ctl 0x376 bmdma 0xd008 irq 15
[    3.268407] tun: Universal TUN/TAP device driver, 1.6
[    3.279800] PPP generic driver version 2.4.2
[    3.291218] ehci_hcd: USB 2.0 'Enhanced' Host Controller (EHCI) Driver
[    3.312955] ehci-pci: EHCI PCI platform driver
[    3.322903] ehci-platform: EHCI generic platform driver
[    3.339143] ohci_hcd: USB 1.1 'Open' Host Controller (OHCI) Driver
[    3.353957] ohci-pci: OHCI PCI platform driver
[    3.365107] ohci-platform: OHCI generic platform driver
[    3.381595] uhci_hcd: USB Universal Host Controller Interface driver
[    3.395646] i8042: PNP: PS/2 Controller [PNP0303:PS2K,PNP0f03:PS2M] at 0x60,0x64 irq 1,12
[    3.550811] serio: i8042 KBD port at 0x60,0x64 irq 1
[    3.570244] serio: i8042 AUX port at 0x60,0x64 irq 12
[    3.586668] mousedev: PS/2 mouse device common for all mice
[    3.606979] input: AT Translated Set 2 keyboard as /devices/platform/i8042/serio0/input/input2
[    3.641368] rtc_cmos rtc_cmos: rtc core: registered rtc_cmos as rtc0
[    3.657320] rtc_cmos rtc_cmos: alarms up to one day, 114 bytes nvram
[    3.660482] i2c /dev entries driver
[    3.660482] device-mapper: uevent: version 1.0.3
[    3.693488] device-mapper: ioctl: 4.37.0-ioctl (2017-09-20) initialised: dm-devel@redhat.com
[    3.717376] ledtrig-cpu: registered to indicate activity on CPUs
[    3.747614] NET: Registered protocol family 10
[    3.785354] Segment Routing with IPv6
[    3.795950] NET: Registered protocol family 17
[    3.807432] Key type dns_resolver registered
[    3.821456] mce: Using 0 MCE banks
[    3.828814] RAS: Correctable Errors collector initialized.
[    3.838641] sched_clock: Marking stable (3838470080, 0)->(6510572647, -2672102567)
[    3.870970] registered taskstats version 1
[    3.882638] Loading compiled-in X.509 certificates
[    3.903282] Loaded X.509 cert 'Build time autogenerated kernel key: 53bf99db7da04c05fe17f7beec9ce15c83db2223'
[    3.927511] Loaded X.509 cert 'Canonical Ltd. Live Patch Signing: 14df34d1a87cf37625abec039ef2bf521249b969'
[    3.947902] Loaded X.509 cert 'Canonical Ltd. Kernel Module Signing: 88f752e560a1e0737e31163a466ad7b70a850c19'
[    3.971869] blacklist: Loading compiled-in revocation X.509 certificates
[    3.990840] Loaded X.509 cert 'Canonical Ltd. Secure Boot Signing: 61482aa2830d0ab2ad5af10b7250da9033ddcef0'
[    4.015436] Loaded X.509 cert 'Canonical Ltd. Secure Boot Signing (2017): 242ade75ac4a15e50d50c84b0d45ff3eae707a03'
[    4.034709] Loaded X.509 cert 'Canonical Ltd. Secure Boot Signing (ESM 2018): 365188c1d374d6b07c3c8f240f8ef722433d6a8b'
[    4.070194] Loaded X.509 cert 'Canonical Ltd. Secure Boot Signing (2019): c0746fd6c5da3ae827864651ad66ae47fe24b3e8'
[    4.093738] Loaded X.509 cert 'Canonical Ltd. Secure Boot Signing (2021 v1): a8d54bbb3825cfb94fa13c9f8a594a195c107b8d'
[    4.117738] Loaded X.509 cert 'Canonical Ltd. Secure Boot Signing (2021 v2): 4cf046892d6fd3c9a5b03f98d845f90851dc6a8c'
[    4.147814] Loaded X.509 cert 'Canonical Ltd. Secure Boot Signing (2021 v3): 100437bb6de6e469b581e61cd66bce3ef4ed53af'
[    4.172490] Loaded X.509 cert 'Canonical Ltd. Secure Boot Signing (Ubuntu Core 2019): c1d57b8f6b743f23ee41f4f7ee292f06eecadfb9'
[    4.192170] zswap: loaded using pool lzo/zbud
[    4.231788] Key type big_key registered
[    4.242890] Key type trusted registered
[    4.264044] Key type encrypted registered
[    4.272271] AppArmor: AppArmor sha1 policy hashing enabled
[    4.283650] ima: No TPM chip found, activating TPM-bypass! (rc=-19)
[    4.302094] ima: Allocated hash algorithm: sha1
[    4.314454] evm: HMAC attrs: 0x1
[    4.324855]   Magic number: 7:554:426
[    4.333385] rtc_cmos rtc_cmos: setting system clock to 2023-05-15 10:25:26 UTC (1684146326)
[    4.350800] BIOS EDD facility v0.16 2004-Jun-25, 0 devices found
[    4.365056] EDD information not available.
[    4.387184] Freeing unused kernel image memory: 2480K
[    4.420642] Write protecting the kernel read-only data: 20480k
[    4.439879] Freeing unused kernel image memory: 2008K
[    4.454893] Freeing unused kernel image memory: 1820K
[    4.471256] x86/mm: Checked W+X mappings: passed, no W+X pages found.
Loading, please wait...
starting version 237
[    4.751428] e1000: Intel(R) PRO/1000 Network Driver - version 7.3.21-k8-NAPI
[    4.773552] e1000: Copyright (c) 1999-2006 Intel Corporation.
[    4.788367] Fusion MPT base driver 3.04.20
[    4.806231] Copyright (c) 1999-2008 LSI Corporation
[    4.845564] Fusion MPT SPI Host driver 3.04.20
[    5.059381] input: ImExPS/2 Generic Explorer Mouse as /devices/platform/i8042/serio1/input/input4
[    6.136513] e1000 0000:00:03.0 eth0: (PCI:33MHz:32-bit) 02:3e:6f:b6:28:d7
[    6.145780] e1000 0000:00:03.0 eth0: Intel(R) PRO/1000 Network Connection
[    7.368028] e1000 0000:00:08.0 eth1: (PCI:33MHz:32-bit) 08:00:27:df:ee:74
[    7.383845] e1000 0000:00:08.0 eth1: Intel(R) PRO/1000 Network Connection
[    7.476584] mptbase: ioc0: Initiating bringup
[    7.493987] e1000 0000:00:03.0 enp0s3: renamed from eth0
[    7.558623] e1000 0000:00:08.0 enp0s8: renamed from eth1
[    7.636322] ioc0: LSI53C1030 A0: Capabilities={Initiator}
[    7.977431] scsi host2: ioc0: LSI53C1030 A0, FwRev=00000000h, Ports=1, MaxQ=256, IRQ=20
[    8.223831] scsi 2:0:0:0: Direct-Access     VBOX     HARDDISK         1.0  PQ: 0 ANSI: 5
[    8.400301] scsi target2:0:0: Beginning Domain Validation
[    8.429020] scsi target2:0:0: Domain Validation skipping write tests
[    8.442605] scsi target2:0:0: Ending Domain Validation
[    8.458062] scsi target2:0:0: asynchronous
[    8.471034] scsi 2:0:1:0: Direct-Access     VBOX     HARDDISK         1.0  PQ: 0 ANSI: 5
[    8.704087] scsi target2:0:1: Beginning Domain Validation
[    8.728964] scsi target2:0:1: Domain Validation skipping write tests
[    8.744260] scsi target2:0:1: Ending Domain Validation
[    8.756063] scsi target2:0:1: asynchronous
[    8.800247] sd 2:0:0:0: Attached scsi generic sg0 type 0
[    8.818385] sd 2:0:0:0: [sda] 83886080 512-byte logical blocks: (42.9 GB/40.0 GiB)
[    8.837280] sd 2:0:1:0: Attached scsi generic sg1 type 0
[    8.848640] sd 2:0:0:0: [sda] Write Protect is off
[    8.882057] sd 2:0:0:0: [sda] Incomplete mode parameter data
[    8.896036] sd 2:0:0:0: [sda] Assuming drive cache: write through
[    8.914988] sd 2:0:1:0: [sdb] 20480 512-byte logical blocks: (10.5 MB/10.0 MiB)
[    8.915573] sd 2:0:1:0: [sdb] Write Protect is off
[    8.917021] sd 2:0:1:0: [sdb] Incomplete mode parameter data
[    8.917023] sd 2:0:1:0: [sdb] Assuming drive cache: write through
[    8.961008] sd 2:0:1:0: [sdb] Attached SCSI disk
[    9.075529]  sda: sda1
[    9.092075] sd 2:0:0:0: [sda] Attached SCSI disk
Begin: Loading essential drivers ... [   13.224712] raid6: sse2x1   gen()  7532 MB/s
[   13.289139] raid6: sse2x1   xor()  3822 MB/s
[   13.353671] raid6: sse2x2   gen() 11278 MB/s
[   13.480429] raid6: sse2x2   xor() 12486 MB/s
[   13.564854] raid6: sse2x4   gen() 10121 MB/s
[   13.651248] raid6: sse2x4   xor()  5732 MB/s
[   13.660718] raid6: using algorithm sse2x2 gen() 11278 MB/s
[   13.675464] raid6: .... xor() 12486 MB/s, rmw enabled
[   13.691026] raid6: using ssse3x2 recovery algorithm
[   13.782933] xor: measuring software checksum speed
[   13.833219]    prefetch64-sse: 15176.000 MB/sec
[   13.881804]    generic_sse: 10409.000 MB/sec
[   13.893151] xor: using function: prefetch64-sse (15176.000 MB/sec)
[   13.915281] async_tx: api initialized (async)
done.
Begin: Running /scripts/init-premount ... done.
Begin: Mounting root file system ... Begin: Running /scripts/local-top ... done.
Begin: Running /scripts/local-premount ... [   14.105069] Btrfs loaded, crc32c=crc32c-intel
Scanning for Btrfs filesystems
done.
Warning: fsck not present, so skipping root file system
[   14.257153] EXT4-fs (sda1): mounted filesystem with ordered data mode. Opts: (null)
done.
Begin: Running /scripts/local-bottom ... done.
Begin: Running /scripts/init-bottom ... done.
[   14.763241] ip_tables: (C) 2000-2006 Netfilter Core Team
[   14.815745] systemd[1]: systemd 237 running in system mode. (+PAM +AUDIT +SELINUX +IMA +APPARMOR +SMACK +SYSVINIT +UTMP +LIBCRYPTSETUP +GCRYPT +GNUTLS +ACL +XZ +LZ4 +SECCOMP +BLKID +ELFUTILS +KMOD -IDN2 +IDN -PCRE2 default-hierarchy=hybrid)
[   14.865600] systemd[1]: Detected virtualization oracle.
[   14.881149] systemd[1]: Detected architecture x86-64.

Welcome to [1mUbuntu 18.04.6 LTS[0m!

[   14.985631] systemd[1]: Set hostname to <ubuntu>.
[   15.007546] random: systemd: uninitialized urandom read (16 bytes read)
[   15.017480] systemd[1]: Initializing machine ID from random generator.
[   15.055566] systemd[1]: Installed transient /etc/machine-id file.
[   15.818417] random: systemd: uninitialized urandom read (16 bytes read)
[   15.828616] systemd[1]: Reached target System Time Synchronized.
[[0;32m  OK  [0m] Reached target System Time Synchronized.
[   15.853961] random: systemd: uninitialized urandom read (16 bytes read)
[   15.870375] systemd[1]: Started Forward Password Requests to Wall Directory Watch.
[[0;32m  OK  [0m] Started Forward Password Requests to Wall Directory Watch.
[   15.938955] systemd[1]: Created slice System Slice.
[[0;32m  OK  [0m] Created slice System Slice.
[   15.961231] systemd[1]: Listening on Journal Audit Socket.
[[0;32m  OK  [0m] Listening on Journal Audit Socket.
[[0;32m  OK  [0m] Listening on LVM2 poll daemon socket.
[[0;32m  OK  [0m] Created slice system-serial\x2dgetty.slice.
[   16.017501] random: systemd: uninitialized urandom read (16 bytes read)
[[0;32m  OK  [0m] Listening on Journal Socket (/dev/log).
[   16.048140] random: systemd: uninitialized urandom read (16 bytes read)
[[0;32m  OK  [0m] Listening on Network Service Netlink Socket.
[   16.069249] random: systemd: uninitialized urandom read (16 bytes read)
[[0;32m  OK  [0m] Listening on Journal Socket.
         Starting Create list of required stâ€¦ce nodes for the current kernel...
         Starting Load Kernel Modules...
         Mounting Kernel Debug File System...
         Starting Uncomplicated firewall...
         Mounting Huge Pages File System...
         Starting Set the console keyboard layout...
[   16.138160] Loading iSCSI transport class v2.0-870.
[[0;32m  OK  [0m] Listening on Device-mapper event daemon FIFOs.
[[0;32m  OK  [0m] Reached target Mounting snaps.
[[0;32m  OK  [0m] Reached target Mounted snaps.
[   16.189182] iscsi: registered transport (tcp)
[[0;32m  OK  [0m] Created slice User and Session Slice.
[[0;32m  OK  [0m] Reached target Slices.
[[0;32m  OK  [0m] Listening on udev Control Socket.
[[0;32m  OK  [0m] Reached target Swap.
[[0;32m  OK  [0m] Listening on udev Kernel Socket.
         Starting udev Coldplug all Devices...[   16.266933] iscsi: registered transport (iser)

[[0;32m  OK  [0m] Reached target User and Group Name Lookups.
[[0;32m  OK  [0m] Set up automount Arbitrary Executabâ€¦rmats File System Automount Point.
         Mounting POSIX Message Queue File System...
[[0;32m  OK  [0m] Listening on /dev/initctl Compatibility Named Pipe.
[[0;32m  OK  [0m] Listening on fsck to fsckd communication Socket.
         Starting File System Check on Root Device...
[[0;32m  OK  [0m] Listening on Syslog Socket.
         Starting Journal Service...
[[0;32m  OK  [0m] Listening on LVM2 metadata daemon socket.
         Starting Monitoring of LVM2 mirrorsâ€¦ng dmeventd or progress polling...
[[0;32m  OK  [0m] Started Create list of required staâ€¦vice nodes for the current kernel.
[[0;32m  OK  [0m] Started Load Kernel Modules.
[[0;32m  OK  [0m] Mounted Kernel Debug File System.
[[0;32m  OK  [0m] Started Uncomplicated firewall.
[[0;32m  OK  [0m] Mounted Huge Pages File System.
[[0;32m  OK  [0m] Mounted POSIX Message Queue File System.
         Mounting FUSE Control File System...
         Starting Apply Kernel Variables...
         Mounting Kernel Configuration File System...
         Starting Create Static Device Nodes in /dev...
[[0;32m  OK  [0m] Mounted FUSE Control File System.
[[0;32m  OK  [0m] Mounted Kernel Configuration File System.
[[0;32m  OK  [0m] Started File System Check Daemon to report status.
[[0;32m  OK  [0m] Started Create Static Device Nodes in /dev.
[[0;32m  OK  [0m] Started Set the console keyboard layout.
[[0;32m  OK  [0m] Started udev Coldplug all Devices.
[[0;32m  OK  [0m] Started LVM2 metadata daemon.
[[0;32m  OK  [0m] Started Journal Service.
[[0;32m  OK  [0m] Started File System Check on Root Device.
         Starting Remount Root and Kernel File Systems...
[[0;32m  OK  [0m] Started Apply Kernel Variables.
[[0;32m  OK  [0m] Started Remount Root and Kernel File Systems.
[[0;32m  OK  [0m] Started Monitoring of LVM2 mirrors,â€¦sing dmeventd or progress polling.
         Starting Flush Journal to Persistent Storage...
         Starting udev Kernel Device Manager...
[[0;32m  OK  [0m] Reached target Local File Systems (Pre).
[[0;32m  OK  [0m] Reached target Local File Systems.
         Starting Commit a transient machine-id on disk...
         Starting AppArmor initialization...
         Starting Set console font and keymap...
         Starting ebtables ruleset management...
         Starting Tell Plymouth To Write Out Runtime Data...
         Starting Load/Save Random Seed...
[[0;32m  OK  [0m] Started Set console font and keymap.
[[0;32m  OK  [0m] Started Tell Plymouth To Write Out Runtime Data.
[[0;32m  OK  [0m] Started Load/Save Random Seed.
[[0;32m  OK  [0m] Started udev Kernel Device Manager.
[[0;32m  OK  [0m] Started Dispatch Password Requests to Console Directory Watch.
[[0;32m  OK  [0m] Reached target Local Encrypted Volumes.
[[0;32m  OK  [0m] Started Commit a transient machine-id on disk.
[[0;32m  OK  [0m] Started Flush Journal to Persistent Storage.
         Starting Create Volatile Files and Directories...
[[0;32m  OK  [0m] Started Create Volatile Files and Directories.
[[0;32m  OK  [0m] Started ebtables ruleset management.
         Starting Update UTMP about System Boot/Shutdown...
[[0;32m  OK  [0m] Started Update UTMP about System Boot/Shutdown.
[[0;32m  OK  [0m] Found device /dev/ttyS0.
[[0;32m  OK  [0m] Listening on Load/Save RF Kill Switch Status /dev/rfkill Watch.
[[0;32m  OK  [0m] Started AppArmor initialization.
         Starting Load AppArmor profiles managed internally by snapd...
         Starting Initial cloud-init job (pre-networking)...
         Mounting Arbitrary Executable File Formats File System...
[[0;32m  OK  [0m] Mounted Arbitrary Executable File Formats File System.
[[0;32m  OK  [0m] Started Load AppArmor profiles managed internally by snapd.
[   22.924326] cloud-init[504]: Cloud-init v. 23.1.2-0ubuntu0~18.04.1 running 'init-local' at Mon, 15 May 2023 10:25:44 +0000. Up 21.99 seconds.
[[0;32m  OK  [0m] Started Initial cloud-init job (pre-networking).
[[0;32m  OK  [0m] Reached target Network (Pre).
         Starting Network Service...
[[0;32m  OK  [0m] Started Network Service.
         Starting Network Name Resolution...
         Starting Wait for Network to be Configured...
[[0;32m  OK  [0m] Started Network Name Resolution.
[[0;32m  OK  [0m] Reached target Host and Network Name Lookups.
[[0;32m  OK  [0m] Reached target Network.
[[0;32m  OK  [0m] Started Wait for Network to be Configured.
         Starting Initial cloud-init job (metadata service crawler)...
[   26.723085] cloud-init[627]: Cloud-init v. 23.1.2-0ubuntu0~18.04.1 running 'init' at Mon, 15 May 2023 10:25:48 +0000. Up 26.30 seconds.
[   26.785263] cloud-init[627]: ci-info: ++++++++++++++++++++++++++++++++++++++Net device info+++++++++++++++++++++++++++++++++++++++
[   26.795895] cloud-init[627]: ci-info: +--------+-------+----------------------------+---------------+--------+-------------------+
[   26.847576] cloud-init[627]: ci-info: | Device |   Up  |          Address           |      Mask     | Scope  |     Hw-Address    |
[   26.863961] cloud-init[627]: ci-info: +--------+-------+----------------------------+---------------+--------+-------------------+
[   26.875578] cloud-init[627]: ci-info: | enp0s3 |  True |         10.0.2.15          | 255.255.255.0 | global | 02:3e:6f:b6:28:d7 |
[   26.934608] cloud-init[627]: ci-info: | enp0s3 |  True | fe80::3e:6fff:feb6:28d7/64 |       .       |  link  | 02:3e:6f:b6:28:d7 |
[   26.955384] cloud-init[627]: ci-info: | enp0s8 | False |             .              |       .       |   .    | 08:00:27:df:ee:74 |
[   26.987771] cloud-init[627]: ci-info: |   lo   |  True |         127.0.0.1          |   255.0.0.0   |  host  |         .         |
[   27.009900] cloud-init[627]: ci-info: |   lo   |  True |          ::1/128           |       .       |  host  |         .         |
[   27.037571] cloud-init[627]: ci-info: +--------+-------+----------------------------+---------------+--------+-------------------+
[   27.171914] cloud-init[627]: ci-info: ++++++++++++++++++++++++++++Route IPv4 info+++++++++++++++++++++++++++++
[   27.181578] cloud-init[627]: ci-info: +-------+-------------+----------+-----------------+-----------+-------+
[   27.234241] cloud-init[627]: ci-info: | Route | Destination | Gateway  |     Genmask     | Interface | Flags |
[   27.244232] cloud-init[627]: ci-info: +-------+-------------+----------+-----------------+-----------+-------+
[   27.256234] cloud-init[627]: ci-info: |   0   |   0.0.0.0   | 10.0.2.2 |     0.0.0.0     |   enp0s3  |   UG  |
[   27.310568] cloud-init[627]: ci-info: |   1   |   10.0.2.0  | 0.0.0.0  |  255.255.255.0  |   enp0s3  |   U   |
[   27.377084] cloud-init[627]: ci-info: |   2   |   10.0.2.2  | 0.0.0.0  | 255.255.255.255 |   enp0s3  |   UH  |
[   27.389106] cloud-init[627]: ci-info: +-------+-------------+----------+-----------------+-----------+-------+
[   27.397841] cloud-init[627]: ci-info: +++++++++++++++++++Route IPv6 info+++++++++++++++++++
[   27.413777] cloud-init[627]: ci-info: +-------+-------------+---------+-----------+-------+
[   27.421945] cloud-init[627]: ci-info: | Route | Destination | Gateway | Interface | Flags |
[   27.452168] cloud-init[627]: ci-info: +-------+-------------+---------+-----------+-------+
[   27.460955] cloud-init[627]: ci-info: |   1   |  fe80::/64  |    ::   |   enp0s3  |   U   |
[   27.473989] cloud-init[627]: ci-info: |   3   |    local    |    ::   |   enp0s3  |   U   |
[   27.490454] cloud-init[627]: ci-info: |   4   |   ff00::/8  |    ::   |   enp0s3  |   U   |
[   27.499777] cloud-init[627]: ci-info: +-------+-------------+---------+-----------+-------+
[   29.217973] cloud-init[627]: Generating public/private rsa key pair.
[   29.237910] cloud-init[627]: Your identification has been saved in /etc/ssh/ssh_host_rsa_key.
[   29.248747] cloud-init[627]: Your public key has been saved in /etc/ssh/ssh_host_rsa_key.pub.
[   29.254350] cloud-init[627]: The key fingerprint is:
[   29.260862] cloud-init[627]: SHA256:ipDATmQ9ateRY+fvLfcu0oEqaNl/934n/JOV6tUEuUw root@ubuntu-bionic
[   29.273874] cloud-init[627]: The key's randomart image is:
[   29.277584] cloud-init[627]: +---[RSA 2048]----+
[   29.281502] cloud-init[627]: | o.   .          |
[   29.285136] cloud-init[627]: |+  o = .       . |
[   29.289711] cloud-init[627]: |.o. + =       E  |
[   29.292852] cloud-init[627]: |o+ o . .     o o |
[   29.295672] cloud-init[627]: |..+     S .   o o|
[   29.298837] cloud-init[627]: |   . . . o .   oo|
[   29.301643] cloud-init[627]: |    = . o o ....+|
[   29.305526] cloud-init[627]: |   + o . = * .++.|
[   29.309263] cloud-init[627]: |  .   o.. = B*.o+|
[   29.318185] cloud-init[627]: +----[SHA256]-----+
[   29.326111] cloud-init[627]: Generating public/private dsa key pair.
[   29.335469] cloud-init[627]: Your identification has been saved in /etc/ssh/ssh_host_dsa_key.
[   29.350320] cloud-init[627]: Your public key has been saved in /etc/ssh/ssh_host_dsa_key.pub.
[   29.359638] cloud-init[627]: The key fingerprint is:
[   29.367096] cloud-init[627]: SHA256:HXb4FoCGZnKau7KyaYNvwjKzFhoSb+xG5ugwdU0VPTI root@ubuntu-bionic
[   29.386294] cloud-init[627]: The key's randomart image is:
[   29.386414] cloud-init[627]: +---[DSA 1024]----+
[   29.386464] cloud-init[627]: |       .o+.      |
[   29.386503] cloud-init[627]: |    . =.E oo     |
[   29.390637] cloud-init[627]: |     B.. o+.o    |
[   29.391830] cloud-init[627]: |.   oo   o + .   |
[   29.394330] cloud-init[627]: | +. ... S . o    |
[   29.395511] cloud-init[627]: |oo*..      .     |
[   29.398083] cloud-init[627]: |BO.  .           |
[   29.399147] cloud-init[627]: |@B* .            |
[   29.401408] cloud-init[627]: |O%+o             |
[   29.402493] cloud-init[627]: +----[SHA256]-----+
[   29.403333] cloud-init[627]: Generating public/private ecdsa key pair.
[   29.404114] cloud-init[627]: Your identification has been saved in /etc/ssh/ssh_host_ecdsa_key.
[   29.404204] cloud-init[627]: Your public key has been saved in /etc/ssh/ssh_host_ecdsa_key.pub.
[   29.404620] cloud-init[627]: The key fingerprint is:
[   29.404660] cloud-init[627]: SHA256:UJ4XzcpIroxLP+PmAScskNU4is/vVhaUFWNOD3Cid04 root@ubuntu-bionic
[   29.404735] cloud-init[627]: The key's randomart image is:
[   29.404767] cloud-init[627]: +---[ECDSA 256]---+
[   29.404794] cloud-init[627]: |  .o  o+X..o     |
[   29.404827] cloud-init[627]: | oo ..oO.= .o    |
[   29.404865] cloud-init[627]: |+. ...ooEoo.     |
[   29.404895] cloud-init[627]: |o. . ..=o.o      |
[   29.406062] cloud-init[627]: | o. +o.oS        |
[   29.406897] cloud-init[627]: |  o.o+=          |
[   29.407597] cloud-init[627]: |   o =.          |
[   29.410362] cloud-init[627]: |    + =.         |
[   29.411170] cloud-init[627]: |   o.+oo         |
[   29.411939] cloud-init[627]: +----[SHA256]-----+
[   29.414171] cloud-init[627]: Generating public/private ed25519 key pair.
[   29.415483] cloud-init[627]: Your identification has been saved in /etc/ssh/ssh_host_ed25519_key.
[   29.418711] cloud-init[627]: Your public key has been saved in /etc/ssh/ssh_host_ed25519_key.pub.
[   29.419793] cloud-init[627]: The key fingerprint is:
[   29.421873] cloud-init[627]: SHA256:8xoURBi/DkLYQoVK38o42jzuEgDytsI6G6Ne9REzk1U root@ubuntu-bionic
[   29.422477] cloud-init[627]: The key's randomart image is:
[   29.423027] cloud-init[627]: +--[ED25519 256]--+
[   29.423600] cloud-init[627]: |  .o. .+o..E     |
[   29.426122] cloud-init[627]: |oo.o  .oo        |
[   29.427526] cloud-init[627]: |+o+ +  *o        |
[   29.429323] cloud-init[627]: |o o+ .  =o       |
[   29.431622] cloud-init[627]: |o.o.o...S        |
[   29.432167] cloud-init[627]: |o+.o...+.o       |
[   29.433512] cloud-init[627]: |==..   .o .      |
[   29.434122] cloud-init[627]: |*o=      o       |
[   29.434700] cloud-init[627]: |+Bo.    .        |
[   29.435221] cloud-init[627]: +----[SHA256]-----+
[[0;32m  OK  [0m] Started Initial cloud-init job (metadata service crawler).
[[0;32m  OK  [0m] Reached target Network is Online.
[[0;32m  OK  [0m] Reached target Remote File Systems (Pre).
[[0;32m  OK  [0m] Reached target Remote File Systems.
         Starting Availability of block devices...
[[0;32m  OK  [0m] Reached target System Initialization.
         Starting Socket activation for snappy daemon.
[[0;32m  OK  [0m] Listening on UUID daemon activation socket.
[[0;32m  OK  [0m] Listening on Open-iSCSI iscsid Socket.
[[0;32m  OK  [0m] Started Discard unused blocks once a week.
[[0;32m  OK  [0m] Started Ubuntu Advantage Timer for running repeated jobs.
[[0;32m  OK  [0m] Listening on D-Bus System Message Bus Socket.
[[0;32m  OK  [0m] Started ACPI Events Check.
[[0;32m  OK  [0m] Reached target Paths.
[[0;32m  OK  [0m] Listening on cloud-init hotplug hook socket.
[[0;32m  OK  [0m] Listening on ACPID Listen Socket.
[[0;32m  OK  [0m] Started Message of the Day.
[[0;32m  OK  [0m] Started Daily Cleanup of Temporary Directories.
[[0;32m  OK  [0m] Started Daily apt download activities.
[[0;32m  OK  [0m] Started Daily apt upgrade and clean activities.
[[0;32m  OK  [0m] Reached target Timers.
         Starting LXD - unix socket.
[[0;32m  OK  [0m] Reached target Cloud-config availability.
[[0;32m  OK  [0m] Started Availability of block devices.
[[0;32m  OK  [0m] Listening on Socket activation for snappy daemon.
[[0;32m  OK  [0m] Listening on LXD - unix socket.
[[0;32m  OK  [0m] Reached target Sockets.
[[0;32m  OK  [0m] Reached target Basic System.
         Starting Pollinate to seed the pseudo random number generator...
         Starting System Logging Service...
[[0;32m  OK  [0m] Started irqbalance daemon.
         Starting LXD - container startup/shutdown...
         Starting Virtualbox guest utils...
[[0;32m  OK  [0m] Reached target Login Prompts (Pre).
[[0;32m  OK  [0m] Started FUSE filesystem for LXC.
         Starting Login Service...
         Starting Snap Daemon...
         Starting Permit User Sessions...
[[0;32m  OK  [0m] Started Regular background program processing daemon.
         Starting LSB: automatic crash report generation...
         Starting Accounts Service...
         Starting Dispatcher daemon for systemd-networkd...
[[0;32m  OK  [0m] Started Deferred execution scheduler.
[[0;32m  OK  [0m] Started D-Bus System Message Bus.
[[0;32m  OK  [0m] Started Login Service.
[[0;32m  OK  [0m] Started Unattended Upgrades Shutdown.
         Starting LSB: Record successful boot for GRUB...
[[0;32m  OK  [0m] Started System Logging Service.
[[0;32m  OK  [0m] Started LXD - container startup/shutdown.
[[0;32m  OK  [0m] Started Permit User Sessions.
         Starting Authorization Manager...
         Starting Hold until boot process finishes up...
         Starting Terminate Plymouth Boot Screen...
[[0;32m  OK  [0m] Started Hold until boot process finishes up.
[[0;32m  OK  [0m] Started Terminate Plymouth Boot Screen.
[[0;32m  OK  [0m] Started Serial Getty on ttyS0.
         Starting Set console scheme...
[[0;32m  OK  [0m] Started LSB: automatic crash report generation.
[[0;32m  OK  [0m] Started Authorization Manager.
[[0;32m  OK  [0m] Started Accounts Service.
[[0;32m  OK  [0m] Started Set console scheme.
[[0;32m  OK  [0m] Created slice system-getty.slice.
[[0;32m  OK  [0m] Started Getty on tty1.
[[0;32m  OK  [0m] Reached target Login Prompts.
[[0;32m  OK  [0m] Started LSB: Record successful boot for GRUB.
[[0;32m  OK  [0m] Started Pollinate to seed the pseudo random number generator.
         Starting OpenBSD Secure Shell server...
[[0;32m  OK  [0m] Started Dispatcher daemon for systemd-networkd.
[[0;32m  OK  [0m] Started Virtualbox guest utils.
[[0;32m  OK  [0m] Started OpenBSD Secure Shell server.
[[0;32m  OK  [0m] Created slice User Slice of vagrant.
[[0;32m  OK  [0m] Started Session 1 of user vagrant.
         Starting User Manager for UID 1000...
[[0;32m  OK  [0m] Started Snap Daemon.
         Starting Wait until snapd is fully seeded...
[[0;32m  OK  [0m] Started User Manager for UID 1000.
         Starting Time & Date Service...
[[0;32m  OK  [0m] Started Time & Date Service.
[[0;32m  OK  [0m] Started Wait until snapd is fully seeded.
         Starting Apply the settings specified in cloud-config...

Ubuntu 18.04.6 LTS ubuntu-bionic ttyS0

ubuntu-bionic login: [   39.493598] cloud-init[1220]: Cloud-init v. 23.1.2-0ubuntu0~18.04.1 running 'modules:config' at Mon, 15 May 2023 10:25:59 +0000. Up 37.36 seconds.
ci-info: no authorized SSH keys fingerprints found for user ubuntu.
<14>May 15 10:26:02 cloud-init: #############################################################
<14>May 15 10:26:02 cloud-init: -----BEGIN SSH HOST KEY FINGERPRINTS-----
<14>May 15 10:26:02 cloud-init: 1024 SHA256:HXb4FoCGZnKau7KyaYNvwjKzFhoSb+xG5ugwdU0VPTI root@ubuntu-bionic (DSA)
<14>May 15 10:26:02 cloud-init: 256 SHA256:UJ4XzcpIroxLP+PmAScskNU4is/vVhaUFWNOD3Cid04 root@ubuntu-bionic (ECDSA)
<14>May 15 10:26:02 cloud-init: 256 SHA256:8xoURBi/DkLYQoVK38o42jzuEgDytsI6G6Ne9REzk1U root@ubuntu-bionic (ED25519)
<14>May 15 10:26:02 cloud-init: 2048 SHA256:ipDATmQ9ateRY+fvLfcu0oEqaNl/934n/JOV6tUEuUw root@ubuntu-bionic (RSA)
<14>May 15 10:26:02 cloud-init: -----END SSH HOST KEY FINGERPRINTS-----
<14>May 15 10:26:02 cloud-init: #############################################################
-----BEGIN SSH HOST KEY KEYS-----
ecdsa-sha2-nistp256 AAAAE2VjZHNhLXNoYTItbmlzdHAyNTYAAAAIbmlzdHAyNTYAAABBBJd8yzHN4IqwP2a/4MZ9BDBIZgr4Js0tar4os7SUEY/2cf0Cq6dUzW09bQTN3DDsWEr8/WYS8Kr2ksjZN/cFrzY= root@ubuntu-bionic
ssh-ed25519 AAAAC3NzaC1lZDI1NTE5AAAAICM0yrtOF+N9uWdNeCrcAqqdX3m3IrsiQBbO2BJ/T7go root@ubuntu-bionic
ssh-rsa AAAAB3NzaC1yc2EAAAADAQABAAABAQDIEWhDFXt/4qigzxdkgw1jlD5EE3yyOO1rfbwDUSrO3GxDWarL0LdWvt/lP7Q33IkJwg9JOUfil22ra+L8c5JTW8xf0uoLbzWJkF6mZvI9NtVtCvsW/5koCapL5BkGqPbiurzGuFdV4jW1hGZH7G2PwbkE6kMIVigHpuQzeK0ZTnV8Kq+B8Fub6+kGYHxtAJfKYpo343xo4bpycTIRyoihtFtaJCi4Et2cFgjdPN0Yo++Hd/gJfVnSBrZ2S0Vnq9fTqQUAfj3XD37FOfyYtgSvVHuyXGaOK6CQzw3Ej8ZcMMO6tWMAlkyT42jFkKbmG0Ke9kQTkc0TaXWl4XFepqPd root@ubuntu-bionic
-----END SSH HOST KEY KEYS-----
[   40.964868] cloud-init[1433]: Cloud-init v. 23.1.2-0ubuntu0~18.04.1 running 'modules:final' at Mon, 15 May 2023 10:26:02 +0000. Up 40.43 seconds.
[   40.983534] cloud-init[1433]: Cloud-init v. 23.1.2-0ubuntu0~18.04.1 finished at Mon, 15 May 2023 10:26:03 +0000. Datasource DataSourceNoCloud [seed=/dev/sdb][dsmode=net].  Up 40.94 seconds
